
> estudio-moveis@0.0.0 build
> vite build

[36mvite v8.0.11 [32mbuilding client environment for production...[36m[39m
[2K
transforming...Ô£ô 1730 modules transformed.
rendering chunks...
node.exe : [31mÔ£ù[39m Build failed in 739ms
No linha:1 caractere:1
+ & "C:\Program Files\nodejs/node.exe" "C:\Program Files\nodejs/node_mo ...
+ ~~~~~~~~~~~~~~~~~~~~~~~~~~~~~~~~~~~~~~~~~~~~~~~~~~~~~~~~~~~~~~~~~~~~~
    + CategoryInfo          : NotSpecified: ([31mÔ£ù[39m Build failed in 739ms:String) [], RemoteException
    + FullyQualifiedErrorId : NativeCommandError
 
[31merror during build:
[31mBuild failed with 1 error:

[31m[MISSING_EXPORT] Error:[0m "Instagram" is not exported by "node_modules/lucide-react/dist/esm/lucide-react.mjs".
   [38;5;246mÔò¡[0m[38;5;246mÔöÇ[0m[38;5;246m[[0m src/App.jsx:2:60 [38;5;246m][0m
   [38;5;246mÔöé[0m
 [38;5;246m2 Ôöé[0m 
[38;5;249mi[0m[38;5;249mm[0m[38;5;249mp[0m[38;5;249mo[0m[38;5;249mr[0m[38;5;249mt[0m[38;5;249m 
[0m[38;5;249m{[0m[38;5;249m 
[0m[38;5;249mS[0m[38;5;249mo[0m[38;5;249mf[0m[38;5;249ma[0m[38;5;249m,[0m[38;5;249m [0m[38;5;249mA[0m[3
8;5;249mr[0m[38;5;249mm[0m[38;5;249mc[0m[38;5;249mh[0m[38;5;249ma[0m[38;5;249mi[0m[38;5;249mr[0m[38;5;249
m,[0m[38;5;249m [0m[38;5;249mB[0m[38;5;249mr[0m[38;5;249mi[0m[38;5;249me[0m[38;5;249mf[0m[38;5;249mc[0m
[38;5;249ma[0m[38;5;249ms[0m[38;5;249me[0m[38;5;249m,[0m[38;5;249m [0m[38;5;249mB[0m[38;5;249me[0m[38;5;2
49md[0m[38;5;249mD[0m[38;5;249mo[0m[38;5;249mu[0m[38;5;249mb[0m[38;5;249ml[0m[38;5;249me[0m[38;5;249m,[0
m[38;5;249m [0m[38;5;249mA[0m[38;5;249mr[0m[38;5;249mr[0m[38;5;249mo[0m[38;5;249mw[0m[38;5;249mR[0m[38;5
;249mi[0m[38;5;249mg[0m[38;5;249mh[0m[38;5;249mt[0m[38;5;249m,[0m[38;5;249m 
[0mInstagram[38;5;249m,[0m[38;5;249m [0m[38;5;249mM[0m[38;5;249ma[0m[38;5;249mp[0m[38;5;249mP[0m[38;5;249
mi[0m[38;5;249mn[0m[38;5;249m,[0m[38;5;249m 
[0m[38;5;249mP[0m[38;5;249mh[0m[38;5;249mo[0m[38;5;249mn[0m[38;5;249me[0m[38;5;249m,[0m[38;5;249m [0m[3
8;5;249mM[0m[38;5;249me[0m[38;5;249ms[0m[38;5;249ms[0m[38;5;249ma[0m[38;5;249mg[0m[38;5;249me[0m[38;5;249
mC[0m[38;5;249mi[0m[38;5;249mr[0m[38;5;249mc[0m[38;5;249ml[0m[38;5;249me[0m[38;5;249m 
[0m[38;5;249m}[0m[38;5;249m [0m[38;5;249mf[0m[38;5;249mr[0m[38;5;249mo[0m[38;5;249mm[0m[38;5;249m [0m[3
8;5;249m"[0m[38;5;249ml[0m[38;5;249mu[0m[38;5;249mc[0m[38;5;249mi[0m[38;5;249md[0m[38;5;249me[0m[38;5;249
m-[0m[38;5;249mr[0m[38;5;249me[0m[38;5;249ma[0m[38;5;249mc[0m[38;5;249mt[0m[38;5;249m"[0m[38;5;249m;[0m
 [38;5;240m  Ôöé[0m                                                            ÔöÇÔöÇÔöÇÔöÇÔö¼ÔöÇÔöÇÔöÇÔöÇ  
 [38;5;240m  Ôöé[0m                                                                Ôò░ÔöÇÔöÇÔöÇÔöÇÔöÇÔöÇ Missing 
export
[38;5;246mÔöÇÔöÇÔöÇÔò»[0m
[31m
    at aggregateBindingErrorsIntoJsError 
(file:///C:/Job/Estudio_Moveis/node_modules/rolldown/dist/shared/error-D4ASW9r2.mjs:48:18)
    at unwrapBindingResult (file:///C:/Job/Estudio_Moveis/node_modules/rolldown/dist/shared/error-D4ASW9r2.mjs:18:128)
    at #build (file:///C:/Job/Estudio_Moveis/node_modules/rolldown/dist/shared/rolldown-build-CorVA9v1.mjs:3255:34)
    at async buildEnvironment (file:///C:/Job/Estudio_Moveis/node_modules/vite/dist/node/chunks/node.js:33033:64)
    at async Object.build (file:///C:/Job/Estudio_Moveis/node_modules/vite/dist/node/chunks/node.js:33455:19)
    at async Object.buildApp (file:///C:/Job/Estudio_Moveis/node_modules/vite/dist/node/chunks/node.js:33452:153)
    at async CAC.<anonymous> (file:///C:/Job/Estudio_Moveis/node_modules/vite/dist/node/cli.js:778:3) {
  errors: [Getter/Setter]
}[39m
